#-----------------------------------------------------------
# Vivado v2018.3 (64-bit)
# SW Build 2405991 on Thu Dec  6 23:38:27 MST 2018
# IP Build 2404404 on Fri Dec  7 01:43:56 MST 2018
# Start of session at: Sun Dec 13 01:49:36 2020
# Process ID: 22272
# Current directory: D:/work/vivado_avnet/hdl/Projects/ultra96v2_oob/ULTRA96V2_2018_3/ultra96v2_oob.runs/ultra96v2_oob_rst_ps8_0_100M_0_synth_1
# Command line: vivado.exe -log ultra96v2_oob_rst_ps8_0_100M_0.vds -product Vivado -mode batch -messageDb vivado.pb -notrace -source ultra96v2_oob_rst_ps8_0_100M_0.tcl
# Log file: D:/work/vivado_avnet/hdl/Projects/ultra96v2_oob/ULTRA96V2_2018_3/ultra96v2_oob.runs/ultra96v2_oob_rst_ps8_0_100M_0_synth_1/ultra96v2_oob_rst_ps8_0_100M_0.vds
# Journal file: D:/work/vivado_avnet/hdl/Projects/ultra96v2_oob/ULTRA96V2_2018_3/ultra96v2_oob.runs/ultra96v2_oob_rst_ps8_0_100M_0_synth_1\vivado.jou
#-----------------------------------------------------------
source ultra96v2_oob_rst_ps8_0_100M_0.tcl -notrace
